
> test
> jest --runInBand src/authorization.spec.ts
